../Core/Src/main.c:75:5:main	80	static
../Core/Src/main.c:129:6:StartDefaultTask	56	static
../Core/Src/main.c:157:6:HAL_GPIO_EXTI_Callback	32	static
../Core/Src/main.c:176:6:Callback01	48	static
../Core/Src/main.c:194:6:HAL_UART_RxCpltCallback	16	static
../Core/Src/main.c:209:6:SystemClock_Config	72	static
../Core/Src/main.c:246:13:MX_I2C1_Init	8	static
../Core/Src/main.c:268:13:MX_SPI1_Init	8	static
../Core/Src/main.c:294:13:MX_USART1_UART_Init	8	static
../Core/Src/main.c:315:13:MX_GPIO_Init	32	static
../Core/Src/main.c:344:6:Error_Handler	4	static,ignoring_inline_asm
